// Jest Snapshot v1, https://goo.gl/fbAQLP

exports[`App Renders the App 1`] = `null`;
