// Jest Snapshot v1, https://goo.gl/fbAQLP

exports[`Classes Page Renders the page 1`] = `null`;
